// Jest Snapshot v1, https://goo.gl/fbAQLP

exports[`antdv exports modules correctly 1`] = `
Array [
  "Select",
  "TreeSelect",
  "Tree",
  "Version",
]
`;
